[2026-09-12 20:25:22] testing.ERROR: Exploration job found no matching automation for an open exploration log. {"character_id":1363,"automation_id":999999,"exploration_log_id":10,"cancellation_reason":"missing_automation"} 
[2026-09-12 20:25:23] testing.ERROR: Exploration automation received malformed battle data. {"character_id":1367,"automation_id":69,"exploration_log_id":null,"monster_id":566,"attack_type":"attack","attempts":0,"current_state":"setting_up_fight","cancellation_reason":"malformed_fight_data","source":"setupMonster","missing_or_invalid_payload":["health"]} 
[2026-09-12 20:25:23] testing.WARNING: Exploration automation cancelled. {"character_id":1367,"automation_id":69,"exploration_log_id":null,"monster_id":566,"attack_type":"attack","attempts":0,"current_state":"setting_up_fight","cancellation_reason":"malformed_fight_data","missing_fight_data_keys":["health"]} 
[2026-09-12 20:25:23] testing.WARNING: Exploration automation cancelled. {"character_id":1368,"automation_id":70,"exploration_log_id":12,"monster_id":567,"attack_type":"attack","attempts":0,"current_state":"setting_up_fight","cancellation_reason":"character_died","missing_fight_data_keys":[]} 
[2026-09-12 20:25:23] testing.ERROR: Exploration automation received malformed battle data. {"character_id":1369,"automation_id":71,"exploration_log_id":null,"monster_id":568,"attack_type":"attack","attempts":0,"current_state":"setting_up_fight","cancellation_reason":"malformed_fight_data","source":"setupMonster","missing_or_invalid_payload":["health"]} 
[2026-09-12 20:25:24] testing.ERROR: Exploration automation failed. {"exception_class":"RuntimeException","exception_message":"Something broke.","exception_file":"/home/adam/Documents/flare/tests/Unit/Game/Automation/Exploration/Jobs/ExplorationTest.php","exception_line":434,"trace":"#0 /home/adam/Documents/flare/vendor/mockery/mockery/library/Mockery/Container.php(421): Tests\\Unit\\Game\\Automation\\Exploration\\Jobs\\ExplorationTest->{closure:Tests\\Unit\\Game\\Automation\\Exploration\\Jobs\\ExplorationTest::test_handle_handles_unexpected_exception_via_handle_failure():433}(Object(Mockery_64_App_Game_Battle_Services_MonsterFightService))
#1 /home/adam/Documents/flare/vendor/mockery/mockery/library/Mockery.php(477): Mockery\\Container->mock('App\\\\Game\\\\Battle...', Object(Closure))
#2 /home/adam/Documents/flare/tests/Unit/Game/Automation/Exploration/Jobs/ExplorationTest.php(433): Mockery::mock('App\\\\Game\\\\Battle...', Object(Closure))
#3 /home/adam/Documents/flare/vendor/phpunit/phpunit/src/Framework/TestCase.php(1461): Tests\\Unit\\Game\\Automation\\Exploration\\Jobs\\ExplorationTest->test_handle_handles_unexpected_exception_via_handle_failure()
#4 /home/adam/Documents/flare/vendor/phpunit/phpunit/src/Framework/TestCase.php(1475): PHPUnit\\Framework\\TestCase->invokeTestMethod('test_handle_han...', Array)
#5 /home/adam/Documents/flare/vendor/phpunit/phpunit/src/Framework/TestCase.php(496): PHPUnit\\Framework\\TestCase->runTest()
#6 /home/adam/Documents/flare/vendor/phpunit/phpunit/src/Framework/TestRunner/TestRunner.php(126): PHPUnit\\Framework\\TestCase->runBare()
#7 /home/adam/Documents/flare/vendor/phpunit/phpunit/src/Framework/TestCase.php(328): PHPUnit\\Framework\\TestRunner\\TestRunner->run(Object(Tests\\Unit\\Game\\Automation\\Exploration\\Jobs\\ExplorationTest))
#8 /home/adam/Documents/flare/vendor/phpunit/phpunit/src/Framework/TestSuite.php(627): PHPUnit\\Framework\\TestCase->run()
#9 /home/adam/Documents/flare/vendor/phpunit/phpunit/src/Framework/TestSuite.php(420): PHPUnit\\Framework\\TestSuite->runTests(Array, Object(PHPUnit\\Event\\DispatchingEmitter))
#10 /home/adam/Documents/flare/vendor/phpunit/phpunit/src/Framework/TestSuite.php(627): PHPUnit\\Framework\\TestSuite->run()
#11 /home/adam/Documents/flare/vendor/phpunit/phpunit/src/Framework/TestSuite.php(420): PHPUnit\\Framework\\TestSuite->runTests(Array, Object(PHPUnit\\Event\\DispatchingEmitter))
#12 /home/adam/Documents/flare/vendor/phpunit/phpunit/src/Framework/TestSuite.php(627): PHPUnit\\Framework\\TestSuite->run()
#13 /home/adam/Documents/flare/vendor/phpunit/phpunit/src/Framework/TestSuite.php(420): PHPUnit\\Framework\\TestSuite->runTests(Array, Object(PHPUnit\\Event\\DispatchingEmitter))
#14 /home/adam/Documents/flare/vendor/phpunit/phpunit/src/TextUI/TestRunner.php(64): PHPUnit\\Framework\\TestSuite->run()
#15 /home/adam/Documents/flare/vendor/phpunit/phpunit/src/TextUI/Application.php(255): PHPUnit\\TextUI\\TestRunner->run(Object(PHPUnit\\TextUI\\Configuration\\Configuration), Object(PHPUnit\\Runner\\TestRunHistory\\DefaultTestRunHistory), Object(PHPUnit\\Framework\\TestSuite))
#16 /home/adam/Documents/flare/vendor/pestphp/pest/src/Kernel.php(100): PHPUnit\\TextUI\\Application->run(Array)
#17 /home/adam/Documents/flare/vendor/pestphp/pest/bin/pest(207): Pest\\Kernel->handle(Array, Array)
#18 /home/adam/Documents/flare/vendor/pestphp/pest/bin/pest(215): {closure:/home/adam/Documents/flare/vendor/pestphp/pest/bin/pest:21}()
#19 /home/adam/Documents/flare/vendor/bin/pest(119): include('/home/adam/Docu...')
#20 {main}","character_id":1371,"automation_id":73,"exploration_automation_id":73,"monster_id":570,"exploration_log_id":null,"attack_type":"attack","attempts":0,"current_state":"setting_up_fight","cancellation_reason":"unexpected_exception","missing_fight_data_keys":[]} 
[2026-09-12 20:25:24] testing.ERROR: Exploration automation failed. {"exception_class":"RuntimeException","exception_message":"Queue failure.","exception_file":"/home/adam/Documents/flare/tests/Unit/Game/Automation/Exploration/Jobs/ExplorationTest.php","exception_line":519,"trace":"#0 /home/adam/Documents/flare/vendor/phpunit/phpunit/src/Framework/TestCase.php(1461): Tests\\Unit\\Game\\Automation\\Exploration\\Jobs\\ExplorationTest->test_failed_reports_and_handles_failure()
#1 /home/adam/Documents/flare/vendor/phpunit/phpunit/src/Framework/TestCase.php(1475): PHPUnit\\Framework\\TestCase->invokeTestMethod('test_failed_rep...', Array)
#2 /home/adam/Documents/flare/vendor/phpunit/phpunit/src/Framework/TestCase.php(496): PHPUnit\\Framework\\TestCase->runTest()
#3 /home/adam/Documents/flare/vendor/phpunit/phpunit/src/Framework/TestRunner/TestRunner.php(126): PHPUnit\\Framework\\TestCase->runBare()
#4 /home/adam/Documents/flare/vendor/phpunit/phpunit/src/Framework/TestCase.php(328): PHPUnit\\Framework\\TestRunner\\TestRunner->run(Object(Tests\\Unit\\Game\\Automation\\Exploration\\Jobs\\ExplorationTest))
#5 /home/adam/Documents/flare/vendor/phpunit/phpunit/src/Framework/TestSuite.php(627): PHPUnit\\Framework\\TestCase->run()
#6 /home/adam/Documents/flare/vendor/phpunit/phpunit/src/Framework/TestSuite.php(420): PHPUnit\\Framework\\TestSuite->runTests(Array, Object(PHPUnit\\Event\\DispatchingEmitter))
#7 /home/adam/Documents/flare/vendor/phpunit/phpunit/src/Framework/TestSuite.php(627): PHPUnit\\Framework\\TestSuite->run()
#8 /home/adam/Documents/flare/vendor/phpunit/phpunit/src/Framework/TestSuite.php(420): PHPUnit\\Framework\\TestSuite->runTests(Array, Object(PHPUnit\\Event\\DispatchingEmitter))
#9 /home/adam/Documents/flare/vendor/phpunit/phpunit/src/Framework/TestSuite.php(627): PHPUnit\\Framework\\TestSuite->run()
#10 /home/adam/Documents/flare/vendor/phpunit/phpunit/src/Framework/TestSuite.php(420): PHPUnit\\Framework\\TestSuite->runTests(Array, Object(PHPUnit\\Event\\DispatchingEmitter))
#11 /home/adam/Documents/flare/vendor/phpunit/phpunit/src/TextUI/TestRunner.php(64): PHPUnit\\Framework\\TestSuite->run()
#12 /home/adam/Documents/flare/vendor/phpunit/phpunit/src/TextUI/Application.php(255): PHPUnit\\TextUI\\TestRunner->run(Object(PHPUnit\\TextUI\\Configuration\\Configuration), Object(PHPUnit\\Runner\\TestRunHistory\\DefaultTestRunHistory), Object(PHPUnit\\Framework\\TestSuite))
#13 /home/adam/Documents/flare/vendor/pestphp/pest/src/Kernel.php(100): PHPUnit\\TextUI\\Application->run(Array)
#14 /home/adam/Documents/flare/vendor/pestphp/pest/bin/pest(207): Pest\\Kernel->handle(Array, Array)
#15 /home/adam/Documents/flare/vendor/pestphp/pest/bin/pest(215): {closure:/home/adam/Documents/flare/vendor/pestphp/pest/bin/pest:21}()
#16 /home/adam/Documents/flare/vendor/bin/pest(119): include('/home/adam/Docu...')
#17 {main}","character_id":1373,"automation_id":75,"exploration_automation_id":75,"monster_id":573,"exploration_log_id":null,"attack_type":"attack","attempts":0,"current_state":"initializing","cancellation_reason":"queue_job_failed","missing_fight_data_keys":[]} 
[2026-09-12 20:25:25] testing.ERROR: Exploration automation failed. {"exception_class":"RuntimeException","exception_message":"Queue failure.","exception_file":"/home/adam/Documents/flare/tests/Unit/Game/Automation/Exploration/Jobs/ExplorationTest.php","exception_line":548,"trace":"#0 /home/adam/Documents/flare/vendor/phpunit/phpunit/src/Framework/TestCase.php(1461): Tests\\Unit\\Game\\Automation\\Exploration\\Jobs\\ExplorationTest->test_failed_finalizes_active_exploration_log_and_creates_warning_when_log_exists()
#1 /home/adam/Documents/flare/vendor/phpunit/phpunit/src/Framework/TestCase.php(1475): PHPUnit\\Framework\\TestCase->invokeTestMethod('test_failed_fin...', Array)
#2 /home/adam/Documents/flare/vendor/phpunit/phpunit/src/Framework/TestCase.php(496): PHPUnit\\Framework\\TestCase->runTest()
#3 /home/adam/Documents/flare/vendor/phpunit/phpunit/src/Framework/TestRunner/TestRunner.php(126): PHPUnit\\Framework\\TestCase->runBare()
#4 /home/adam/Documents/flare/vendor/phpunit/phpunit/src/Framework/TestCase.php(328): PHPUnit\\Framework\\TestRunner\\TestRunner->run(Object(Tests\\Unit\\Game\\Automation\\Exploration\\Jobs\\ExplorationTest))
#5 /home/adam/Documents/flare/vendor/phpunit/phpunit/src/Framework/TestSuite.php(627): PHPUnit\\Framework\\TestCase->run()
#6 /home/adam/Documents/flare/vendor/phpunit/phpunit/src/Framework/TestSuite.php(420): PHPUnit\\Framework\\TestSuite->runTests(Array, Object(PHPUnit\\Event\\DispatchingEmitter))
#7 /home/adam/Documents/flare/vendor/phpunit/phpunit/src/Framework/TestSuite.php(627): PHPUnit\\Framework\\TestSuite->run()
#8 /home/adam/Documents/flare/vendor/phpunit/phpunit/src/Framework/TestSuite.php(420): PHPUnit\\Framework\\TestSuite->runTests(Array, Object(PHPUnit\\Event\\DispatchingEmitter))
#9 /home/adam/Documents/flare/vendor/phpunit/phpunit/src/Framework/TestSuite.php(627): PHPUnit\\Framework\\TestSuite->run()
#10 /home/adam/Documents/flare/vendor/phpunit/phpunit/src/Framework/TestSuite.php(420): PHPUnit\\Framework\\TestSuite->runTests(Array, Object(PHPUnit\\Event\\DispatchingEmitter))
#11 /home/adam/Documents/flare/vendor/phpunit/phpunit/src/TextUI/TestRunner.php(64): PHPUnit\\Framework\\TestSuite->run()
#12 /home/adam/Documents/flare/vendor/phpunit/phpunit/src/TextUI/Application.php(255): PHPUnit\\TextUI\\TestRunner->run(Object(PHPUnit\\TextUI\\Configuration\\Configuration), Object(PHPUnit\\Runner\\TestRunHistory\\DefaultTestRunHistory), Object(PHPUnit\\Framework\\TestSuite))
#13 /home/adam/Documents/flare/vendor/pestphp/pest/src/Kernel.php(100): PHPUnit\\TextUI\\Application->run(Array)
#14 /home/adam/Documents/flare/vendor/pestphp/pest/bin/pest(207): Pest\\Kernel->handle(Array, Array)
#15 /home/adam/Documents/flare/vendor/pestphp/pest/bin/pest(215): {closure:/home/adam/Documents/flare/vendor/pestphp/pest/bin/pest:21}()
#16 /home/adam/Documents/flare/vendor/bin/pest(119): include('/home/adam/Docu...')
#17 {main}","character_id":1374,"automation_id":76,"exploration_automation_id":76,"monster_id":574,"exploration_log_id":13,"attack_type":"attack","attempts":0,"current_state":"initializing","cancellation_reason":"queue_job_failed","missing_fight_data_keys":[]} 
[2026-09-12 20:25:25] testing.WARNING: Exploration automation cancelled. {"character_id":1376,"automation_id":78,"exploration_log_id":null,"monster_id":576,"attack_type":"attack","attempts":0,"current_state":"fighting_monster","cancellation_reason":"fight_failed","missing_fight_data_keys":[]} 
[2026-09-12 20:25:25] testing.ERROR: Exploration automation received malformed battle data. {"character_id":1377,"automation_id":79,"exploration_log_id":15,"monster_id":577,"attack_type":"attack","attempts":0,"current_state":"fighting_monster","cancellation_reason":"malformed_fight_data","source":"fightMonster","missing_or_invalid_payload":["health"]} 
[2026-09-12 20:25:25] testing.WARNING: Exploration automation cancelled. {"character_id":1377,"automation_id":79,"exploration_log_id":15,"monster_id":577,"attack_type":"attack","attempts":0,"current_state":"fighting_monster","cancellation_reason":"malformed_fight_data","missing_fight_data_keys":["health"]} 
[2026-09-12 20:25:26] testing.WARNING: Exploration automation cancelled. {"character_id":1378,"automation_id":80,"exploration_log_id":16,"monster_id":578,"attack_type":"attack","attempts":0,"current_state":"fighting_monster","cancellation_reason":"character_died","missing_fight_data_keys":[]} 
[2026-09-12 20:25:26] testing.WARNING: Exploration automation cancelled. {"character_id":1379,"automation_id":81,"exploration_log_id":17,"monster_id":579,"attack_type":"attack","attempts":10,"current_state":"fighting_monster","cancellation_reason":"max_attempts_reached","missing_fight_data_keys":[]} 
[2026-09-12 20:25:28] testing.ERROR: Exploration automation failed. {"exception_class":"RuntimeException","exception_message":"Something broke after deletion.","exception_file":"/home/adam/Documents/flare/tests/Unit/Game/Automation/Exploration/Jobs/ExplorationTest.php","exception_line":1285,"trace":"#0 /home/adam/Documents/flare/vendor/mockery/mockery/library/Mockery/Expectation.php(901): Tests\\Unit\\Game\\Automation\\Exploration\\Jobs\\ExplorationTest->{closure:{closure:Tests\\Unit\\Game\\Automation\\Exploration\\Jobs\\ExplorationTest::test_handle_failure_returns_early_when_automation_already_deleted():1281}:1282}(Object(App\\Flare\\Models\\Character), Array, true, false, true)
#1 /home/adam/Documents/flare/vendor/mockery/mockery/library/Mockery/Expectation.php(761): Mockery\\Expectation->_getReturnValue(Array)
#2 /home/adam/Documents/flare/vendor/mockery/mockery/library/Mockery/ExpectationDirector.php(87): Mockery\\Expectation->verifyCall(Array)
#3 /home/adam/Documents/flare/vendor/mockery/mockery/library/Mockery/Loader/EvalLoader.php(30) : eval()'d code(925): Mockery\\ExpectationDirector->call(Array)
#4 /home/adam/Documents/flare/vendor/mockery/mockery/library/Mockery/Loader/EvalLoader.php(30) : eval()'d code(1030): Mockery_64_App_Game_Battle_Services_MonsterFightService->_mockery_handleMethodCall('setupMonster', Array)
#5 /home/adam/Documents/flare/app/Game/Automation/Exploration/Jobs/Exploration.php(917): Mockery_64_App_Game_Battle_Services_MonsterFightService->setupMonster(Object(App\\Flare\\Models\\Character), Array, true, false, true)
#6 /home/adam/Documents/flare/app/Game/Automation/Exploration/Jobs/Exploration.php(623): App\\Game\\Automation\\Exploration\\Jobs\\Exploration->setUpFightForMonster(Array)
#7 /home/adam/Documents/flare/app/Game/Automation/Exploration/Jobs/Exploration.php(343): App\\Game\\Automation\\Exploration\\Jobs\\Exploration->fightAutomationMonster(Object(App\\Flare\\Models\\CharacterAutomation), Array, Object(App\\Game\\Core\\Chance\\PhpRandomNumberGenerator))
#8 /home/adam/Documents/flare/app/Game/Automation/Exploration/Jobs/Exploration.php(213): App\\Game\\Automation\\Exploration\\Jobs\\Exploration->encounter(Object(App\\Flare\\Models\\CharacterAutomation), Array, 3, Object(App\\Game\\Core\\Chance\\PhpRandomNumberGenerator))
#9 /home/adam/Documents/flare/vendor/laravel/framework/src/Illuminate/Container/BoundMethod.php(36): App\\Game\\Automation\\Exploration\\Jobs\\Exploration->handle(Object(Mockery_64_App_Game_Battle_Services_MonsterFightService), Object(App\\Game\\Battle\\Handlers\\BattleEventHandler), Object(App\\Game\\Character\\Builders\\AttackBuilders\\CharacterCacheData), Object(Mockery_66_App_Game_BattleRewardProcessing_Services_CharacterRewardService), Object(Mockery_67_App_Game_Skills_Services_SkillService), Object(Mockery_68_App_Game_Automation_Exploration_Services_ExplorationCreatureCountCalculator), Object(Mockery_69_App_Game_BattleRewardProcessing_Handlers_FactionHandler), Object(App\\Game\\Automation\\Exploration\\Services\\ExplorationLogService), Object(App\\Game\\Automation\\Exploration\\Services\\ExplorationWarningService), Object(App\\Game\\Core\\Chance\\PhpRandomNumberGenerator))
#10 /home/adam/Documents/flare/vendor/laravel/framework/src/Illuminate/Container/Util.php(43): Illuminate\\Container\\BoundMethod::{closure:Illuminate\\Container\\BoundMethod::call():35}()
#11 /home/adam/Documents/flare/vendor/laravel/framework/src/Illuminate/Container/BoundMethod.php(96): Illuminate\\Container\\Util::unwrapIfClosure(Object(Closure))
#12 /home/adam/Documents/flare/vendor/laravel/framework/src/Illuminate/Container/BoundMethod.php(35): Illuminate\\Container\\BoundMethod::callBoundMethod(Object(Illuminate\\Foundation\\Application), Array, Object(Closure))
#13 /home/adam/Documents/flare/vendor/laravel/framework/src/Illuminate/Container/Container.php(801): Illuminate\\Container\\BoundMethod::call(Object(Illuminate\\Foundation\\Application), Array, Array, NULL)
#14 /home/adam/Documents/flare/vendor/laravel/framework/src/Illuminate/Bus/Dispatcher.php(136): Illuminate\\Container\\Container->call(Array)
#15 /home/adam/Documents/flare/vendor/laravel/framework/src/Illuminate/Pipeline/Pipeline.php(180): Illuminate\\Bus\\Dispatcher->{closure:Illuminate\\Bus\\Dispatcher::dispatchNow():133}(Object(App\\Game\\Automation\\Exploration\\Jobs\\Exploration))
#16 /home/adam/Documents/flare/vendor/laravel/framework/src/Illuminate/Pipeline/Pipeline.php(137): Illuminate\\Pipeline\\Pipeline->{closure:Illuminate\\Pipeline\\Pipeline::prepareDestination():178}(Object(App\\Game\\Automation\\Exploration\\Jobs\\Exploration))
#17 /home/adam/Documents/flare/vendor/laravel/framework/src/Illuminate/Bus/Dispatcher.php(140): Illuminate\\Pipeline\\Pipeline->then(Object(Closure))
#18 /home/adam/Documents/flare/vendor/laravel/framework/src/Illuminate/Queue/CallQueuedHandler.php(155): Illuminate\\Bus\\Dispatcher->dispatchNow(Object(App\\Game\\Automation\\Exploration\\Jobs\\Exploration), false)
#19 /home/adam/Documents/flare/vendor/laravel/framework/src/Illuminate/Pipeline/Pipeline.php(180): Illuminate\\Queue\\CallQueuedHandler->{closure:Illuminate\\Queue\\CallQueuedHandler::dispatchThroughMiddleware():148}(Object(App\\Game\\Automation\\Exploration\\Jobs\\Exploration))
#20 /home/adam/Documents/flare/vendor/laravel/framework/src/Illuminate/Pipeline/Pipeline.php(137): Illuminate\\Pipeline\\Pipeline->{closure:Illuminate\\Pipeline\\Pipeline::prepareDestination():178}(Object(App\\Game\\Automation\\Exploration\\Jobs\\Exploration))
#21 /home/adam/Documents/flare/vendor/laravel/framework/src/Illuminate/Queue/CallQueuedHandler.php(148): Illuminate\\Pipeline\\Pipeline->then(Object(Closure))
#22 /home/adam/Documents/flare/vendor/laravel/framework/src/Illuminate/Queue/CallQueuedHandler.php(86): Illuminate\\Queue\\CallQueuedHandler->dispatchThroughMiddleware(Object(Illuminate\\Queue\\Jobs\\SyncJob), Object(App\\Game\\Automation\\Exploration\\Jobs\\Exploration))
#23 /home/adam/Documents/flare/vendor/laravel/framework/src/Illuminate/Queue/Jobs/Job.php(102): Illuminate\\Queue\\CallQueuedHandler->call(Object(Illuminate\\Queue\\Jobs\\SyncJob), Array)
#24 /home/adam/Documents/flare/vendor/laravel/framework/src/Illuminate/Queue/SyncQueue.php(186): Illuminate\\Queue\\Jobs\\Job->fire()
#25 /home/adam/Documents/flare/vendor/laravel/framework/src/Illuminate/Queue/SyncQueue.php(166): Illuminate\\Queue\\SyncQueue->executeJob(Object(App\\Game\\Automation\\Exploration\\Jobs\\Exploration), '', NULL)
#26 /home/adam/Documents/flare/vendor/laravel/framework/src/Illuminate/Bus/Dispatcher.php(298): Illuminate\\Queue\\SyncQueue->push(Object(App\\Game\\Automation\\Exploration\\Jobs\\Exploration), '', NULL)
#27 /home/adam/Documents/flare/vendor/laravel/framework/src/Illuminate/Bus/Dispatcher.php(276): Illuminate\\Bus\\Dispatcher->pushCommandToQueue(Object(Illuminate\\Queue\\SyncQueue), Object(App\\Game\\Automation\\Exploration\\Jobs\\Exploration))
#28 /home/adam/Documents/flare/vendor/laravel/framework/src/Illuminate/Bus/Dispatcher.php(87): Illuminate\\Bus\\Dispatcher->dispatchToQueue(Object(App\\Game\\Automation\\Exploration\\Jobs\\Exploration))
#29 /home/adam/Documents/flare/vendor/laravel/framework/src/Illuminate/Foundation/Bus/PendingDispatch.php(308): Illuminate\\Bus\\Dispatcher->dispatch(Object(App\\Game\\Automation\\Exploration\\Jobs\\Exploration))
#30 /home/adam/Documents/flare/vendor/laravel/framework/src/Illuminate/Foundation/Bus/Dispatchable.php(19): Illuminate\\Foundation\\Bus\\PendingDispatch->__destruct()
#31 /home/adam/Documents/flare/tests/Unit/Game/Automation/Exploration/Jobs/ExplorationTest.php(1289): App\\Game\\Automation\\Exploration\\Jobs\\Exploration::dispatch(Object(App\\Flare\\Models\\Character), 90, 'attack', 3)
#32 /home/adam/Documents/flare/vendor/phpunit/phpunit/src/Framework/TestCase.php(1461): Tests\\Unit\\Game\\Automation\\Exploration\\Jobs\\ExplorationTest->test_handle_failure_returns_early_when_automation_already_deleted()
#33 /home/adam/Documents/flare/vendor/phpunit/phpunit/src/Framework/TestCase.php(1475): PHPUnit\\Framework\\TestCase->invokeTestMethod('test_handle_fai...', Array)
#34 /home/adam/Documents/flare/vendor/phpunit/phpunit/src/Framework/TestCase.php(496): PHPUnit\\Framework\\TestCase->runTest()
#35 /home/adam/Documents/flare/vendor/phpunit/phpunit/src/Framework/TestRunner/TestRunner.php(126): PHPUnit\\Framework\\TestCase->runBare()
#36 /home/adam/Documents/flare/vendor/phpunit/phpunit/src/Framework/TestCase.php(328): PHPUnit\\Framework\\TestRunner\\TestRunner->run(Object(Tests\\Unit\\Game\\Automation\\Exploration\\Jobs\\ExplorationTest))
#37 /home/adam/Documents/flare/vendor/phpunit/phpunit/src/Framework/TestSuite.php(627): PHPUnit\\Framework\\TestCase->run()
#38 /home/adam/Documents/flare/vendor/phpunit/phpunit/src/Framework/TestSuite.php(420): PHPUnit\\Framework\\TestSuite->runTests(Array, Object(PHPUnit\\Event\\DispatchingEmitter))
#39 /home/adam/Documents/flare/vendor/phpunit/phpunit/src/Framework/TestSuite.php(627): PHPUnit\\Framework\\TestSuite->run()
#40 /home/adam/Documents/flare/vendor/phpunit/phpunit/src/Framework/TestSuite.php(420): PHPUnit\\Framework\\TestSuite->runTests(Array, Object(PHPUnit\\Event\\DispatchingEmitter))
#41 /home/adam/Documents/flare/vendor/phpunit/phpunit/src/Framework/TestSuite.php(627): PHPUnit\\Framework\\TestSuite->run()
#42 /home/adam/Documents/flare/vendor/phpunit/phpunit/src/Framework/TestSuite.php(420): PHPUnit\\Framework\\TestSuite->runTests(Array, Object(PHPUnit\\Event\\DispatchingEmitter))
#43 /home/adam/Documents/flare/vendor/phpunit/phpunit/src/TextUI/TestRunner.php(64): PHPUnit\\Framework\\TestSuite->run()
#44 /home/adam/Documents/flare/vendor/phpunit/phpunit/src/TextUI/Application.php(255): PHPUnit\\TextUI\\TestRunner->run(Object(PHPUnit\\TextUI\\Configuration\\Configuration), Object(PHPUnit\\Runner\\TestRunHistory\\DefaultTestRunHistory), Object(PHPUnit\\Framework\\TestSuite))
#45 /home/adam/Documents/flare/vendor/pestphp/pest/src/Kernel.php(100): PHPUnit\\TextUI\\Application->run(Array)
#46 /home/adam/Documents/flare/vendor/pestphp/pest/bin/pest(207): Pest\\Kernel->handle(Array, Array)
#47 /home/adam/Documents/flare/vendor/pestphp/pest/bin/pest(215): {closure:/home/adam/Documents/flare/vendor/pestphp/pest/bin/pest:21}()
#48 /home/adam/Documents/flare/vendor/bin/pest(119): include('/home/adam/Docu...')
#49 {main}","character_id":1388,"automation_id":90,"exploration_automation_id":null,"monster_id":null,"exploration_log_id":null,"attack_type":"attack","attempts":0,"current_state":"setting_up_fight","cancellation_reason":"unexpected_exception","missing_fight_data_keys":[]} 
